System check identified some issues:

WARNINGS:
?: (ckeditor.W001) django-ckeditor bundles CKEditor 4.22.1 which isn't supported anymore and which does have unfixed security issues, see for example https://ckeditor.com/cke4/release/CKEditor-4.24.0-LTS . You should consider strongly switching to a different editor (maybe CKEditor 5 respectively django-ckeditor-5 after checking whether the CKEditor 5 license terms work for you) or switch to the non-free CKEditor 4 LTS package. See https://ckeditor.com/ckeditor-4-support/ for more on this. (Note! This notice has been added by the django-ckeditor developers and we are not affiliated with CKSource and were not involved in the licensing change, so please refrain from complaining to us. Thanks.)
Checked 0 pending refund payments
System check identified some issues:

WARNINGS:
?: (ckeditor.W001) django-ckeditor bundles CKEditor 4.22.1 which isn't supported anymore and which does have unfixed security issues, see for example https://ckeditor.com/cke4/release/CKEditor-4.24.0-LTS . You should consider strongly switching to a different editor (maybe CKEditor 5 respectively django-ckeditor-5 after checking whether the CKEditor 5 license terms work for you) or switch to the non-free CKEditor 4 LTS package. See https://ckeditor.com/ckeditor-4-support/ for more on this. (Note! This notice has been added by the django-ckeditor developers and we are not affiliated with CKSource and were not involved in the licensing change, so please refrain from complaining to us. Thanks.)
Checked 0 pending refund payments
System check identified some issues:

WARNINGS:
?: (ckeditor.W001) django-ckeditor bundles CKEditor 4.22.1 which isn't supported anymore and which does have unfixed security issues, see for example https://ckeditor.com/cke4/release/CKEditor-4.24.0-LTS . You should consider strongly switching to a different editor (maybe CKEditor 5 respectively django-ckeditor-5 after checking whether the CKEditor 5 license terms work for you) or switch to the non-free CKEditor 4 LTS package. See https://ckeditor.com/ckeditor-4-support/ for more on this. (Note! This notice has been added by the django-ckeditor developers and we are not affiliated with CKSource and were not involved in the licensing change, so please refrain from complaining to us. Thanks.)
Checked 0 pending refund payments
System check identified some issues:

WARNINGS:
?: (ckeditor.W001) django-ckeditor bundles CKEditor 4.22.1 which isn't supported anymore and which does have unfixed security issues, see for example https://ckeditor.com/cke4/release/CKEditor-4.24.0-LTS . You should consider strongly switching to a different editor (maybe CKEditor 5 respectively django-ckeditor-5 after checking whether the CKEditor 5 license terms work for you) or switch to the non-free CKEditor 4 LTS package. See https://ckeditor.com/ckeditor-4-support/ for more on this. (Note! This notice has been added by the django-ckeditor developers and we are not affiliated with CKSource and were not involved in the licensing change, so please refrain from complaining to us. Thanks.)
Checked 0 pending refund payments
System check identified some issues:

WARNINGS:
?: (ckeditor.W001) django-ckeditor bundles CKEditor 4.22.1 which isn't supported anymore and which does have unfixed security issues, see for example https://ckeditor.com/cke4/release/CKEditor-4.24.0-LTS . You should consider strongly switching to a different editor (maybe CKEditor 5 respectively django-ckeditor-5 after checking whether the CKEditor 5 license terms work for you) or switch to the non-free CKEditor 4 LTS package. See https://ckeditor.com/ckeditor-4-support/ for more on this. (Note! This notice has been added by the django-ckeditor developers and we are not affiliated with CKSource and were not involved in the licensing change, so please refrain from complaining to us. Thanks.)
Checked 0 pending refund payments
System check identified some issues:

WARNINGS:
?: (ckeditor.W001) django-ckeditor bundles CKEditor 4.22.1 which isn't supported anymore and which does have unfixed security issues, see for example https://ckeditor.com/cke4/release/CKEditor-4.24.0-LTS . You should consider strongly switching to a different editor (maybe CKEditor 5 respectively django-ckeditor-5 after checking whether the CKEditor 5 license terms work for you) or switch to the non-free CKEditor 4 LTS package. See https://ckeditor.com/ckeditor-4-support/ for more on this. (Note! This notice has been added by the django-ckeditor developers and we are not affiliated with CKSource and were not involved in the licensing change, so please refrain from complaining to us. Thanks.)
Checked 0 pending refund payments
System check identified some issues:

WARNINGS:
?: (ckeditor.W001) django-ckeditor bundles CKEditor 4.22.1 which isn't supported anymore and which does have unfixed security issues, see for example https://ckeditor.com/cke4/release/CKEditor-4.24.0-LTS . You should consider strongly switching to a different editor (maybe CKEditor 5 respectively django-ckeditor-5 after checking whether the CKEditor 5 license terms work for you) or switch to the non-free CKEditor 4 LTS package. See https://ckeditor.com/ckeditor-4-support/ for more on this. (Note! This notice has been added by the django-ckeditor developers and we are not affiliated with CKSource and were not involved in the licensing change, so please refrain from complaining to us. Thanks.)
Checked 0 pending refund payments
System check identified some issues:

WARNINGS:
?: (ckeditor.W001) django-ckeditor bundles CKEditor 4.22.1 which isn't supported anymore and which does have unfixed security issues, see for example https://ckeditor.com/cke4/release/CKEditor-4.24.0-LTS . You should consider strongly switching to a different editor (maybe CKEditor 5 respectively django-ckeditor-5 after checking whether the CKEditor 5 license terms work for you) or switch to the non-free CKEditor 4 LTS package. See https://ckeditor.com/ckeditor-4-support/ for more on this. (Note! This notice has been added by the django-ckeditor developers and we are not affiliated with CKSource and were not involved in the licensing change, so please refrain from complaining to us. Thanks.)
Checked 0 pending refund payments
System check identified some issues:

WARNINGS:
?: (ckeditor.W001) django-ckeditor bundles CKEditor 4.22.1 which isn't supported anymore and which does have unfixed security issues, see for example https://ckeditor.com/cke4/release/CKEditor-4.24.0-LTS . You should consider strongly switching to a different editor (maybe CKEditor 5 respectively django-ckeditor-5 after checking whether the CKEditor 5 license terms work for you) or switch to the non-free CKEditor 4 LTS package. See https://ckeditor.com/ckeditor-4-support/ for more on this. (Note! This notice has been added by the django-ckeditor developers and we are not affiliated with CKSource and were not involved in the licensing change, so please refrain from complaining to us. Thanks.)
Checked 1 pending refund payments
System check identified some issues:

WARNINGS:
?: (ckeditor.W001) django-ckeditor bundles CKEditor 4.22.1 which isn't supported anymore and which does have unfixed security issues, see for example https://ckeditor.com/cke4/release/CKEditor-4.24.0-LTS . You should consider strongly switching to a different editor (maybe CKEditor 5 respectively django-ckeditor-5 after checking whether the CKEditor 5 license terms work for you) or switch to the non-free CKEditor 4 LTS package. See https://ckeditor.com/ckeditor-4-support/ for more on this. (Note! This notice has been added by the django-ckeditor developers and we are not affiliated with CKSource and were not involved in the licensing change, so please refrain from complaining to us. Thanks.)
Checked 1 pending refund payments
System check identified some issues:

WARNINGS:
?: (ckeditor.W001) django-ckeditor bundles CKEditor 4.22.1 which isn't supported anymore and which does have unfixed security issues, see for example https://ckeditor.com/cke4/release/CKEditor-4.24.0-LTS . You should consider strongly switching to a different editor (maybe CKEditor 5 respectively django-ckeditor-5 after checking whether the CKEditor 5 license terms work for you) or switch to the non-free CKEditor 4 LTS package. See https://ckeditor.com/ckeditor-4-support/ for more on this. (Note! This notice has been added by the django-ckeditor developers and we are not affiliated with CKSource and were not involved in the licensing change, so please refrain from complaining to us. Thanks.)
Checked 1 pending refund payments
System check identified some issues:

WARNINGS:
?: (ckeditor.W001) django-ckeditor bundles CKEditor 4.22.1 which isn't supported anymore and which does have unfixed security issues, see for example https://ckeditor.com/cke4/release/CKEditor-4.24.0-LTS . You should consider strongly switching to a different editor (maybe CKEditor 5 respectively django-ckeditor-5 after checking whether the CKEditor 5 license terms work for you) or switch to the non-free CKEditor 4 LTS package. See https://ckeditor.com/ckeditor-4-support/ for more on this. (Note! This notice has been added by the django-ckeditor developers and we are not affiliated with CKSource and were not involved in the licensing change, so please refrain from complaining to us. Thanks.)
Checked 1 pending refund payments
System check identified some issues:

WARNINGS:
?: (ckeditor.W001) django-ckeditor bundles CKEditor 4.22.1 which isn't supported anymore and which does have unfixed security issues, see for example https://ckeditor.com/cke4/release/CKEditor-4.24.0-LTS . You should consider strongly switching to a different editor (maybe CKEditor 5 respectively django-ckeditor-5 after checking whether the CKEditor 5 license terms work for you) or switch to the non-free CKEditor 4 LTS package. See https://ckeditor.com/ckeditor-4-support/ for more on this. (Note! This notice has been added by the django-ckeditor developers and we are not affiliated with CKSource and were not involved in the licensing change, so please refrain from complaining to us. Thanks.)
Checked 1 pending refund payments
System check identified some issues:

WARNINGS:
?: (ckeditor.W001) django-ckeditor bundles CKEditor 4.22.1 which isn't supported anymore and which does have unfixed security issues, see for example https://ckeditor.com/cke4/release/CKEditor-4.24.0-LTS . You should consider strongly switching to a different editor (maybe CKEditor 5 respectively django-ckeditor-5 after checking whether the CKEditor 5 license terms work for you) or switch to the non-free CKEditor 4 LTS package. See https://ckeditor.com/ckeditor-4-support/ for more on this. (Note! This notice has been added by the django-ckeditor developers and we are not affiliated with CKSource and were not involved in the licensing change, so please refrain from complaining to us. Thanks.)
Checked 1 pending refund payments
System check identified some issues:

WARNINGS:
?: (ckeditor.W001) django-ckeditor bundles CKEditor 4.22.1 which isn't supported anymore and which does have unfixed security issues, see for example https://ckeditor.com/cke4/release/CKEditor-4.24.0-LTS . You should consider strongly switching to a different editor (maybe CKEditor 5 respectively django-ckeditor-5 after checking whether the CKEditor 5 license terms work for you) or switch to the non-free CKEditor 4 LTS package. See https://ckeditor.com/ckeditor-4-support/ for more on this. (Note! This notice has been added by the django-ckeditor developers and we are not affiliated with CKSource and were not involved in the licensing change, so please refrain from complaining to us. Thanks.)
Checked 1 pending refund payments
System check identified some issues:

WARNINGS:
?: (ckeditor.W001) django-ckeditor bundles CKEditor 4.22.1 which isn't supported anymore and which does have unfixed security issues, see for example https://ckeditor.com/cke4/release/CKEditor-4.24.0-LTS . You should consider strongly switching to a different editor (maybe CKEditor 5 respectively django-ckeditor-5 after checking whether the CKEditor 5 license terms work for you) or switch to the non-free CKEditor 4 LTS package. See https://ckeditor.com/ckeditor-4-support/ for more on this. (Note! This notice has been added by the django-ckeditor developers and we are not affiliated with CKSource and were not involved in the licensing change, so please refrain from complaining to us. Thanks.)
Checked 1 pending refund payments
System check identified some issues:

WARNINGS:
?: (ckeditor.W001) django-ckeditor bundles CKEditor 4.22.1 which isn't supported anymore and which does have unfixed security issues, see for example https://ckeditor.com/cke4/release/CKEditor-4.24.0-LTS . You should consider strongly switching to a different editor (maybe CKEditor 5 respectively django-ckeditor-5 after checking whether the CKEditor 5 license terms work for you) or switch to the non-free CKEditor 4 LTS package. See https://ckeditor.com/ckeditor-4-support/ for more on this. (Note! This notice has been added by the django-ckeditor developers and we are not affiliated with CKSource and were not involved in the licensing change, so please refrain from complaining to us. Thanks.)
Checked 1 pending refund payments
System check identified some issues:

WARNINGS:
?: (ckeditor.W001) django-ckeditor bundles CKEditor 4.22.1 which isn't supported anymore and which does have unfixed security issues, see for example https://ckeditor.com/cke4/release/CKEditor-4.24.0-LTS . You should consider strongly switching to a different editor (maybe CKEditor 5 respectively django-ckeditor-5 after checking whether the CKEditor 5 license terms work for you) or switch to the non-free CKEditor 4 LTS package. See https://ckeditor.com/ckeditor-4-support/ for more on this. (Note! This notice has been added by the django-ckeditor developers and we are not affiliated with CKSource and were not involved in the licensing change, so please refrain from complaining to us. Thanks.)
Checked 1 pending refund payments
System check identified some issues:

WARNINGS:
?: (ckeditor.W001) django-ckeditor bundles CKEditor 4.22.1 which isn't supported anymore and which does have unfixed security issues, see for example https://ckeditor.com/cke4/release/CKEditor-4.24.0-LTS . You should consider strongly switching to a different editor (maybe CKEditor 5 respectively django-ckeditor-5 after checking whether the CKEditor 5 license terms work for you) or switch to the non-free CKEditor 4 LTS package. See https://ckeditor.com/ckeditor-4-support/ for more on this. (Note! This notice has been added by the django-ckeditor developers and we are not affiliated with CKSource and were not involved in the licensing change, so please refrain from complaining to us. Thanks.)
Checked 1 pending refund payments
System check identified some issues:

WARNINGS:
?: (ckeditor.W001) django-ckeditor bundles CKEditor 4.22.1 which isn't supported anymore and which does have unfixed security issues, see for example https://ckeditor.com/cke4/release/CKEditor-4.24.0-LTS . You should consider strongly switching to a different editor (maybe CKEditor 5 respectively django-ckeditor-5 after checking whether the CKEditor 5 license terms work for you) or switch to the non-free CKEditor 4 LTS package. See https://ckeditor.com/ckeditor-4-support/ for more on this. (Note! This notice has been added by the django-ckeditor developers and we are not affiliated with CKSource and were not involved in the licensing change, so please refrain from complaining to us. Thanks.)
Checked 1 pending refund payments
System check identified some issues:

WARNINGS:
?: (ckeditor.W001) django-ckeditor bundles CKEditor 4.22.1 which isn't supported anymore and which does have unfixed security issues, see for example https://ckeditor.com/cke4/release/CKEditor-4.24.0-LTS . You should consider strongly switching to a different editor (maybe CKEditor 5 respectively django-ckeditor-5 after checking whether the CKEditor 5 license terms work for you) or switch to the non-free CKEditor 4 LTS package. See https://ckeditor.com/ckeditor-4-support/ for more on this. (Note! This notice has been added by the django-ckeditor developers and we are not affiliated with CKSource and were not involved in the licensing change, so please refrain from complaining to us. Thanks.)
Checked 1 pending refund payments
System check identified some issues:

WARNINGS:
?: (ckeditor.W001) django-ckeditor bundles CKEditor 4.22.1 which isn't supported anymore and which does have unfixed security issues, see for example https://ckeditor.com/cke4/release/CKEditor-4.24.0-LTS . You should consider strongly switching to a different editor (maybe CKEditor 5 respectively django-ckeditor-5 after checking whether the CKEditor 5 license terms work for you) or switch to the non-free CKEditor 4 LTS package. See https://ckeditor.com/ckeditor-4-support/ for more on this. (Note! This notice has been added by the django-ckeditor developers and we are not affiliated with CKSource and were not involved in the licensing change, so please refrain from complaining to us. Thanks.)
Checked 1 pending refund payments
System check identified some issues:

WARNINGS:
?: (ckeditor.W001) django-ckeditor bundles CKEditor 4.22.1 which isn't supported anymore and which does have unfixed security issues, see for example https://ckeditor.com/cke4/release/CKEditor-4.24.0-LTS . You should consider strongly switching to a different editor (maybe CKEditor 5 respectively django-ckeditor-5 after checking whether the CKEditor 5 license terms work for you) or switch to the non-free CKEditor 4 LTS package. See https://ckeditor.com/ckeditor-4-support/ for more on this. (Note! This notice has been added by the django-ckeditor developers and we are not affiliated with CKSource and were not involved in the licensing change, so please refrain from complaining to us. Thanks.)
Checked 1 pending refund payments
System check identified some issues:

WARNINGS:
?: (ckeditor.W001) django-ckeditor bundles CKEditor 4.22.1 which isn't supported anymore and which does have unfixed security issues, see for example https://ckeditor.com/cke4/release/CKEditor-4.24.0-LTS . You should consider strongly switching to a different editor (maybe CKEditor 5 respectively django-ckeditor-5 after checking whether the CKEditor 5 license terms work for you) or switch to the non-free CKEditor 4 LTS package. See https://ckeditor.com/ckeditor-4-support/ for more on this. (Note! This notice has been added by the django-ckeditor developers and we are not affiliated with CKSource and were not involved in the licensing change, so please refrain from complaining to us. Thanks.)
Checked 1 pending refund payments
System check identified some issues:

WARNINGS:
?: (ckeditor.W001) django-ckeditor bundles CKEditor 4.22.1 which isn't supported anymore and which does have unfixed security issues, see for example https://ckeditor.com/cke4/release/CKEditor-4.24.0-LTS . You should consider strongly switching to a different editor (maybe CKEditor 5 respectively django-ckeditor-5 after checking whether the CKEditor 5 license terms work for you) or switch to the non-free CKEditor 4 LTS package. See https://ckeditor.com/ckeditor-4-support/ for more on this. (Note! This notice has been added by the django-ckeditor developers and we are not affiliated with CKSource and were not involved in the licensing change, so please refrain from complaining to us. Thanks.)
Checked 1 pending refund payments
System check identified some issues:

WARNINGS:
?: (ckeditor.W001) django-ckeditor bundles CKEditor 4.22.1 which isn't supported anymore and which does have unfixed security issues, see for example https://ckeditor.com/cke4/release/CKEditor-4.24.0-LTS . You should consider strongly switching to a different editor (maybe CKEditor 5 respectively django-ckeditor-5 after checking whether the CKEditor 5 license terms work for you) or switch to the non-free CKEditor 4 LTS package. See https://ckeditor.com/ckeditor-4-support/ for more on this. (Note! This notice has been added by the django-ckeditor developers and we are not affiliated with CKSource and were not involved in the licensing change, so please refrain from complaining to us. Thanks.)
Checked 1 pending refund payments
System check identified some issues:

WARNINGS:
?: (ckeditor.W001) django-ckeditor bundles CKEditor 4.22.1 which isn't supported anymore and which does have unfixed security issues, see for example https://ckeditor.com/cke4/release/CKEditor-4.24.0-LTS . You should consider strongly switching to a different editor (maybe CKEditor 5 respectively django-ckeditor-5 after checking whether the CKEditor 5 license terms work for you) or switch to the non-free CKEditor 4 LTS package. See https://ckeditor.com/ckeditor-4-support/ for more on this. (Note! This notice has been added by the django-ckeditor developers and we are not affiliated with CKSource and were not involved in the licensing change, so please refrain from complaining to us. Thanks.)
Checked 1 pending refund payments
System check identified some issues:

WARNINGS:
?: (ckeditor.W001) django-ckeditor bundles CKEditor 4.22.1 which isn't supported anymore and which does have unfixed security issues, see for example https://ckeditor.com/cke4/release/CKEditor-4.24.0-LTS . You should consider strongly switching to a different editor (maybe CKEditor 5 respectively django-ckeditor-5 after checking whether the CKEditor 5 license terms work for you) or switch to the non-free CKEditor 4 LTS package. See https://ckeditor.com/ckeditor-4-support/ for more on this. (Note! This notice has been added by the django-ckeditor developers and we are not affiliated with CKSource and were not involved in the licensing change, so please refrain from complaining to us. Thanks.)
Checked 1 pending refund payments
System check identified some issues:

WARNINGS:
?: (ckeditor.W001) django-ckeditor bundles CKEditor 4.22.1 which isn't supported anymore and which does have unfixed security issues, see for example https://ckeditor.com/cke4/release/CKEditor-4.24.0-LTS . You should consider strongly switching to a different editor (maybe CKEditor 5 respectively django-ckeditor-5 after checking whether the CKEditor 5 license terms work for you) or switch to the non-free CKEditor 4 LTS package. See https://ckeditor.com/ckeditor-4-support/ for more on this. (Note! This notice has been added by the django-ckeditor developers and we are not affiliated with CKSource and were not involved in the licensing change, so please refrain from complaining to us. Thanks.)
Checked 1 pending refund payments
System check identified some issues:

WARNINGS:
?: (ckeditor.W001) django-ckeditor bundles CKEditor 4.22.1 which isn't supported anymore and which does have unfixed security issues, see for example https://ckeditor.com/cke4/release/CKEditor-4.24.0-LTS . You should consider strongly switching to a different editor (maybe CKEditor 5 respectively django-ckeditor-5 after checking whether the CKEditor 5 license terms work for you) or switch to the non-free CKEditor 4 LTS package. See https://ckeditor.com/ckeditor-4-support/ for more on this. (Note! This notice has been added by the django-ckeditor developers and we are not affiliated with CKSource and were not involved in the licensing change, so please refrain from complaining to us. Thanks.)
Traceback (most recent call last):
  File "D:\QUÝ\DOAN\apis\.venv\Lib\site-packages\django\db\backends\utils.py", line 105, in _execute
    return self.cursor.execute(sql, params)
           ~~~~~~~~~~~~~~~~~~~^^^^^^^^^^^^^
  File "D:\QUÝ\DOAN\apis\.venv\Lib\site-packages\django\db\backends\mysql\base.py", line 78, in execute
    return self.cursor.execute(query, args)
           ~~~~~~~~~~~~~~~~~~~^^^^^^^^^^^^^
  File "D:\QUÝ\DOAN\apis\.venv\Lib\site-packages\MySQLdb\cursors.py", line 179, in execute
    res = self._query(mogrified_query)
  File "D:\QUÝ\DOAN\apis\.venv\Lib\site-packages\MySQLdb\cursors.py", line 330, in _query
    db.query(q)
    ~~~~~~~~^^^
  File "D:\QUÝ\DOAN\apis\.venv\Lib\site-packages\MySQLdb\connections.py", line 286, in query
    _mysql.connection.query(self, query)
    ~~~~~~~~~~~~~~~~~~~~~~~^^^^^^^^^^^^^
MySQLdb.ProgrammingError: (1146, "Table 'shoponlinedb.shop_online_payment' doesn't exist")

The above exception was the direct cause of the following exception:

Traceback (most recent call last):
  File "D:\QUÝ\DOAN\apis\manage.py", line 22, in <module>
    main()
    ~~~~^^
  File "D:\QUÝ\DOAN\apis\manage.py", line 18, in main
    execute_from_command_line(sys.argv)
    ~~~~~~~~~~~~~~~~~~~~~~~~~^^^^^^^^^^
  File "D:\QUÝ\DOAN\apis\.venv\Lib\site-packages\django\core\management\__init__.py", line 443, in execute_from_command_line
    utility.execute()
    ~~~~~~~~~~~~~~~^^
  File "D:\QUÝ\DOAN\apis\.venv\Lib\site-packages\django\core\management\__init__.py", line 437, in execute
    self.fetch_command(subcommand).run_from_argv(self.argv)
    ~~~~~~~~~~~~~~~~~~~~~~~~~~~~~~~~~~~~~~~~~~~~^^^^^^^^^^^
  File "D:\QUÝ\DOAN\apis\.venv\Lib\site-packages\django\core\management\base.py", line 420, in run_from_argv
    self.execute(*args, **cmd_options)
    ~~~~~~~~~~~~^^^^^^^^^^^^^^^^^^^^^^
  File "D:\QUÝ\DOAN\apis\.venv\Lib\site-packages\django\core\management\base.py", line 464, in execute
    output = self.handle(*args, **options)
  File "D:\QUÝ\DOAN\apis\shop_online\management\commands\check_refund_pending.py", line 9, in handle
    for payment in payments:
                   ^^^^^^^^
  File "D:\QUÝ\DOAN\apis\.venv\Lib\site-packages\django\db\models\query.py", line 390, in __iter__
    self._fetch_all()
    ~~~~~~~~~~~~~~~^^
  File "D:\QUÝ\DOAN\apis\.venv\Lib\site-packages\django\db\models\query.py", line 2000, in _fetch_all
    self._result_cache = list(self._iterable_class(self))
                         ~~~~^^^^^^^^^^^^^^^^^^^^^^^^^^^^
  File "D:\QUÝ\DOAN\apis\.venv\Lib\site-packages\django\db\models\query.py", line 95, in __iter__
    results = compiler.execute_sql(
        chunked_fetch=self.chunked_fetch, chunk_size=self.chunk_size
    )
  File "D:\QUÝ\DOAN\apis\.venv\Lib\site-packages\django\db\models\sql\compiler.py", line 1624, in execute_sql
    cursor.execute(sql, params)
    ~~~~~~~~~~~~~~^^^^^^^^^^^^^
  File "D:\QUÝ\DOAN\apis\.venv\Lib\site-packages\django\db\backends\utils.py", line 122, in execute
    return super().execute(sql, params)
           ~~~~~~~~~~~~~~~^^^^^^^^^^^^^
  File "D:\QUÝ\DOAN\apis\.venv\Lib\site-packages\django\db\backends\utils.py", line 79, in execute
    return self._execute_with_wrappers(
           ~~~~~~~~~~~~~~~~~~~~~~~~~~~^
        sql, params, many=False, executor=self._execute
        ^^^^^^^^^^^^^^^^^^^^^^^^^^^^^^^^^^^^^^^^^^^^^^^
    )
    ^
  File "D:\QUÝ\DOAN\apis\.venv\Lib\site-packages\django\db\backends\utils.py", line 92, in _execute_with_wrappers
    return executor(sql, params, many, context)
  File "D:\QUÝ\DOAN\apis\.venv\Lib\site-packages\django\db\backends\utils.py", line 100, in _execute
    with self.db.wrap_database_errors:
         ^^^^^^^^^^^^^^^^^^^^^^^^^^^^
  File "D:\QUÝ\DOAN\apis\.venv\Lib\site-packages\django\db\utils.py", line 94, in __exit__
    raise dj_exc_value.with_traceback(traceback) from exc_value
  File "D:\QUÝ\DOAN\apis\.venv\Lib\site-packages\django\db\backends\utils.py", line 105, in _execute
    return self.cursor.execute(sql, params)
           ~~~~~~~~~~~~~~~~~~~^^^^^^^^^^^^^
  File "D:\QUÝ\DOAN\apis\.venv\Lib\site-packages\django\db\backends\mysql\base.py", line 78, in execute
    return self.cursor.execute(query, args)
           ~~~~~~~~~~~~~~~~~~~^^^^^^^^^^^^^
  File "D:\QUÝ\DOAN\apis\.venv\Lib\site-packages\MySQLdb\cursors.py", line 179, in execute
    res = self._query(mogrified_query)
  File "D:\QUÝ\DOAN\apis\.venv\Lib\site-packages\MySQLdb\cursors.py", line 330, in _query
    db.query(q)
    ~~~~~~~~^^^
  File "D:\QUÝ\DOAN\apis\.venv\Lib\site-packages\MySQLdb\connections.py", line 286, in query
    _mysql.connection.query(self, query)
    ~~~~~~~~~~~~~~~~~~~~~~~^^^^^^^^^^^^^
django.db.utils.ProgrammingError: (1146, "Table 'shoponlinedb.shop_online_payment' doesn't exist")
System check identified some issues:

WARNINGS:
?: (ckeditor.W001) django-ckeditor bundles CKEditor 4.22.1 which isn't supported anymore and which does have unfixed security issues, see for example https://ckeditor.com/cke4/release/CKEditor-4.24.0-LTS . You should consider strongly switching to a different editor (maybe CKEditor 5 respectively django-ckeditor-5 after checking whether the CKEditor 5 license terms work for you) or switch to the non-free CKEditor 4 LTS package. See https://ckeditor.com/ckeditor-4-support/ for more on this. (Note! This notice has been added by the django-ckeditor developers and we are not affiliated with CKSource and were not involved in the licensing change, so please refrain from complaining to us. Thanks.)
Checked 0 pending refund payments
System check identified some issues:

WARNINGS:
?: (ckeditor.W001) django-ckeditor bundles CKEditor 4.22.1 which isn't supported anymore and which does have unfixed security issues, see for example https://ckeditor.com/cke4/release/CKEditor-4.24.0-LTS . You should consider strongly switching to a different editor (maybe CKEditor 5 respectively django-ckeditor-5 after checking whether the CKEditor 5 license terms work for you) or switch to the non-free CKEditor 4 LTS package. See https://ckeditor.com/ckeditor-4-support/ for more on this. (Note! This notice has been added by the django-ckeditor developers and we are not affiliated with CKSource and were not involved in the licensing change, so please refrain from complaining to us. Thanks.)
Checked 0 pending refund payments
Traceback (most recent call last):
  File "D:\QUÝ\DOAN\apis\manage.py", line 22, in <module>
    main()
    ~~~~^^
  File "D:\QUÝ\DOAN\apis\manage.py", line 18, in main
    execute_from_command_line(sys.argv)
    ~~~~~~~~~~~~~~~~~~~~~~~~~^^^^^^^^^^
  File "D:\QUÝ\DOAN\apis\.venv\Lib\site-packages\django\core\management\__init__.py", line 443, in execute_from_command_line
    utility.execute()
    ~~~~~~~~~~~~~~~^^
  File "D:\QUÝ\DOAN\apis\.venv\Lib\site-packages\django\core\management\__init__.py", line 383, in execute
    settings.INSTALLED_APPS
  File "D:\QUÝ\DOAN\apis\.venv\Lib\site-packages\django\conf\__init__.py", line 75, in __getattr__
    self._setup(name)
    ~~~~~~~~~~~^^^^^^
  File "D:\QUÝ\DOAN\apis\.venv\Lib\site-packages\django\conf\__init__.py", line 62, in _setup
    self._wrapped = Settings(settings_module)
                    ~~~~~~~~^^^^^^^^^^^^^^^^^
  File "D:\QUÝ\DOAN\apis\.venv\Lib\site-packages\django\conf\__init__.py", line 162, in __init__
    mod = importlib.import_module(self.SETTINGS_MODULE)
  File "C:\Users\Admin\AppData\Local\Python\pythoncore-3.14-64\Lib\importlib\__init__.py", line 88, in import_module
    return _bootstrap._gcd_import(name[level:], package, level)
           ~~~~~~~~~~~~~~~~~~~~~~^^^^^^^^^^^^^^^^^^^^^^^^^^^^^^
  File "<frozen importlib._bootstrap>", line 1398, in _gcd_import
  File "<frozen importlib._bootstrap>", line 1371, in _find_and_load
  File "<frozen importlib._bootstrap>", line 1342, in _find_and_load_unlocked
  File "<frozen importlib._bootstrap>", line 938, in _load_unlocked
  File "<frozen importlib._bootstrap_external>", line 759, in exec_module
  File "<frozen importlib._bootstrap>", line 491, in _call_with_frames_removed
  File "D:\QUÝ\DOAN\apis\apis\settings.py", line 84, in <module>
    EMAIL_HOST_USER = config('EMAIL_HOST_USER')
  File "D:\QUÝ\DOAN\apis\.venv\Lib\site-packages\decouple.py", line 248, in __call__
    return self.config(*args, **kwargs)
           ~~~~~~~~~~~^^^^^^^^^^^^^^^^^
  File "D:\QUÝ\DOAN\apis\.venv\Lib\site-packages\decouple.py", line 107, in __call__
    return self.get(*args, **kwargs)
           ~~~~~~~~^^^^^^^^^^^^^^^^^
  File "D:\QUÝ\DOAN\apis\.venv\Lib\site-packages\decouple.py", line 92, in get
    raise UndefinedValueError('{} not found. Declare it as envvar or define a default value.'.format(option))
decouple.UndefinedValueError: EMAIL_HOST_USER not found. Declare it as envvar or define a default value.
System check identified some issues:

WARNINGS:
?: (ckeditor.W001) django-ckeditor bundles CKEditor 4.22.1 which isn't supported anymore and which does have unfixed security issues, see for example https://ckeditor.com/cke4/release/CKEditor-4.24.0-LTS . You should consider strongly switching to a different editor (maybe CKEditor 5 respectively django-ckeditor-5 after checking whether the CKEditor 5 license terms work for you) or switch to the non-free CKEditor 4 LTS package. See https://ckeditor.com/ckeditor-4-support/ for more on this. (Note! This notice has been added by the django-ckeditor developers and we are not affiliated with CKSource and were not involved in the licensing change, so please refrain from complaining to us. Thanks.)
Checked 0 pending refund payments
System check identified some issues:

WARNINGS:
?: (ckeditor.W001) django-ckeditor bundles CKEditor 4.22.1 which isn't supported anymore and which does have unfixed security issues, see for example https://ckeditor.com/cke4/release/CKEditor-4.24.0-LTS . You should consider strongly switching to a different editor (maybe CKEditor 5 respectively django-ckeditor-5 after checking whether the CKEditor 5 license terms work for you) or switch to the non-free CKEditor 4 LTS package. See https://ckeditor.com/ckeditor-4-support/ for more on this. (Note! This notice has been added by the django-ckeditor developers and we are not affiliated with CKSource and were not involved in the licensing change, so please refrain from complaining to us. Thanks.)
Checked 0 pending refund payments
System check identified some issues:

WARNINGS:
?: (ckeditor.W001) django-ckeditor bundles CKEditor 4.22.1 which isn't supported anymore and which does have unfixed security issues, see for example https://ckeditor.com/cke4/release/CKEditor-4.24.0-LTS . You should consider strongly switching to a different editor (maybe CKEditor 5 respectively django-ckeditor-5 after checking whether the CKEditor 5 license terms work for you) or switch to the non-free CKEditor 4 LTS package. See https://ckeditor.com/ckeditor-4-support/ for more on this. (Note! This notice has been added by the django-ckeditor developers and we are not affiliated with CKSource and were not involved in the licensing change, so please refrain from complaining to us. Thanks.)
Checked 0 pending refund payments
System check identified some issues:

WARNINGS:
?: (ckeditor.W001) django-ckeditor bundles CKEditor 4.22.1 which isn't supported anymore and which does have unfixed security issues, see for example https://ckeditor.com/cke4/release/CKEditor-4.24.0-LTS . You should consider strongly switching to a different editor (maybe CKEditor 5 respectively django-ckeditor-5 after checking whether the CKEditor 5 license terms work for you) or switch to the non-free CKEditor 4 LTS package. See https://ckeditor.com/ckeditor-4-support/ for more on this. (Note! This notice has been added by the django-ckeditor developers and we are not affiliated with CKSource and were not involved in the licensing change, so please refrain from complaining to us. Thanks.)
Checked 0 pending refund payments
System check identified some issues:

WARNINGS:
?: (ckeditor.W001) django-ckeditor bundles CKEditor 4.22.1 which isn't supported anymore and which does have unfixed security issues, see for example https://ckeditor.com/cke4/release/CKEditor-4.24.0-LTS . You should consider strongly switching to a different editor (maybe CKEditor 5 respectively django-ckeditor-5 after checking whether the CKEditor 5 license terms work for you) or switch to the non-free CKEditor 4 LTS package. See https://ckeditor.com/ckeditor-4-support/ for more on this. (Note! This notice has been added by the django-ckeditor developers and we are not affiliated with CKSource and were not involved in the licensing change, so please refrain from complaining to us. Thanks.)
Checked 0 pending refund payments
System check identified some issues:

WARNINGS:
?: (ckeditor.W001) django-ckeditor bundles CKEditor 4.22.1 which isn't supported anymore and which does have unfixed security issues, see for example https://ckeditor.com/cke4/release/CKEditor-4.24.0-LTS . You should consider strongly switching to a different editor (maybe CKEditor 5 respectively django-ckeditor-5 after checking whether the CKEditor 5 license terms work for you) or switch to the non-free CKEditor 4 LTS package. See https://ckeditor.com/ckeditor-4-support/ for more on this. (Note! This notice has been added by the django-ckeditor developers and we are not affiliated with CKSource and were not involved in the licensing change, so please refrain from complaining to us. Thanks.)
Checked 0 pending refund payments
System check identified some issues:

WARNINGS:
?: (ckeditor.W001) django-ckeditor bundles CKEditor 4.22.1 which isn't supported anymore and which does have unfixed security issues, see for example https://ckeditor.com/cke4/release/CKEditor-4.24.0-LTS . You should consider strongly switching to a different editor (maybe CKEditor 5 respectively django-ckeditor-5 after checking whether the CKEditor 5 license terms work for you) or switch to the non-free CKEditor 4 LTS package. See https://ckeditor.com/ckeditor-4-support/ for more on this. (Note! This notice has been added by the django-ckeditor developers and we are not affiliated with CKSource and were not involved in the licensing change, so please refrain from complaining to us. Thanks.)
Checked 0 pending refund payments
System check identified some issues:

WARNINGS:
?: (ckeditor.W001) django-ckeditor bundles CKEditor 4.22.1 which isn't supported anymore and which does have unfixed security issues, see for example https://ckeditor.com/cke4/release/CKEditor-4.24.0-LTS . You should consider strongly switching to a different editor (maybe CKEditor 5 respectively django-ckeditor-5 after checking whether the CKEditor 5 license terms work for you) or switch to the non-free CKEditor 4 LTS package. See https://ckeditor.com/ckeditor-4-support/ for more on this. (Note! This notice has been added by the django-ckeditor developers and we are not affiliated with CKSource and were not involved in the licensing change, so please refrain from complaining to us. Thanks.)
Checked 0 pending refund payments
System check identified some issues:

WARNINGS:
?: (ckeditor.W001) django-ckeditor bundles CKEditor 4.22.1 which isn't supported anymore and which does have unfixed security issues, see for example https://ckeditor.com/cke4/release/CKEditor-4.24.0-LTS . You should consider strongly switching to a different editor (maybe CKEditor 5 respectively django-ckeditor-5 after checking whether the CKEditor 5 license terms work for you) or switch to the non-free CKEditor 4 LTS package. See https://ckeditor.com/ckeditor-4-support/ for more on this. (Note! This notice has been added by the django-ckeditor developers and we are not affiliated with CKSource and were not involved in the licensing change, so please refrain from complaining to us. Thanks.)
Checked 0 pending refund payments
System check identified some issues:

WARNINGS:
?: (ckeditor.W001) django-ckeditor bundles CKEditor 4.22.1 which isn't supported anymore and which does have unfixed security issues, see for example https://ckeditor.com/cke4/release/CKEditor-4.24.0-LTS . You should consider strongly switching to a different editor (maybe CKEditor 5 respectively django-ckeditor-5 after checking whether the CKEditor 5 license terms work for you) or switch to the non-free CKEditor 4 LTS package. See https://ckeditor.com/ckeditor-4-support/ for more on this. (Note! This notice has been added by the django-ckeditor developers and we are not affiliated with CKSource and were not involved in the licensing change, so please refrain from complaining to us. Thanks.)
Checked 0 pending refund payments
System check identified some issues:

WARNINGS:
?: (ckeditor.W001) django-ckeditor bundles CKEditor 4.22.1 which isn't supported anymore and which does have unfixed security issues, see for example https://ckeditor.com/cke4/release/CKEditor-4.24.0-LTS . You should consider strongly switching to a different editor (maybe CKEditor 5 respectively django-ckeditor-5 after checking whether the CKEditor 5 license terms work for you) or switch to the non-free CKEditor 4 LTS package. See https://ckeditor.com/ckeditor-4-support/ for more on this. (Note! This notice has been added by the django-ckeditor developers and we are not affiliated with CKSource and were not involved in the licensing change, so please refrain from complaining to us. Thanks.)
Checked 0 pending refund payments
System check identified some issues:

WARNINGS:
?: (ckeditor.W001) django-ckeditor bundles CKEditor 4.22.1 which isn't supported anymore and which does have unfixed security issues, see for example https://ckeditor.com/cke4/release/CKEditor-4.24.0-LTS . You should consider strongly switching to a different editor (maybe CKEditor 5 respectively django-ckeditor-5 after checking whether the CKEditor 5 license terms work for you) or switch to the non-free CKEditor 4 LTS package. See https://ckeditor.com/ckeditor-4-support/ for more on this. (Note! This notice has been added by the django-ckeditor developers and we are not affiliated with CKSource and were not involved in the licensing change, so please refrain from complaining to us. Thanks.)
Checked 0 pending refund payments
System check identified some issues:

WARNINGS:
?: (ckeditor.W001) django-ckeditor bundles CKEditor 4.22.1 which isn't supported anymore and which does have unfixed security issues, see for example https://ckeditor.com/cke4/release/CKEditor-4.24.0-LTS . You should consider strongly switching to a different editor (maybe CKEditor 5 respectively django-ckeditor-5 after checking whether the CKEditor 5 license terms work for you) or switch to the non-free CKEditor 4 LTS package. See https://ckeditor.com/ckeditor-4-support/ for more on this. (Note! This notice has been added by the django-ckeditor developers and we are not affiliated with CKSource and were not involved in the licensing change, so please refrain from complaining to us. Thanks.)
^CSystem check identified some issues:

WARNINGS:
?: (ckeditor.W001) django-ckeditor bundles CKEditor 4.22.1 which isn't supported anymore and which does have unfixed security issues, see for example https://ckeditor.com/cke4/release/CKEditor-4.24.0-LTS . You should consider strongly switching to a different editor (maybe CKEditor 5 respectively django-ckeditor-5 after checking whether the CKEditor 5 license terms work for you) or switch to the non-free CKEditor 4 LTS package. See https://ckeditor.com/ckeditor-4-support/ for more on this. (Note! This notice has been added by the django-ckeditor developers and we are not affiliated with CKSource and were not involved in the licensing change, so please refrain from complaining to us. Thanks.)
Checked 0 pending refund payments
System check identified some issues:

WARNINGS:
?: (ckeditor.W001) django-ckeditor bundles CKEditor 4.22.1 which isn't supported anymore and which does have unfixed security issues, see for example https://ckeditor.com/cke4/release/CKEditor-4.24.0-LTS . You should consider strongly switching to a different editor (maybe CKEditor 5 respectively django-ckeditor-5 after checking whether the CKEditor 5 license terms work for you) or switch to the non-free CKEditor 4 LTS package. See https://ckeditor.com/ckeditor-4-support/ for more on this. (Note! This notice has been added by the django-ckeditor developers and we are not affiliated with CKSource and were not involved in the licensing change, so please refrain from complaining to us. Thanks.)
Checked 0 pending refund payments
System check identified some issues:

WARNINGS:
?: (ckeditor.W001) django-ckeditor bundles CKEditor 4.22.1 which isn't supported anymore and which does have unfixed security issues, see for example https://ckeditor.com/cke4/release/CKEditor-4.24.0-LTS . You should consider strongly switching to a different editor (maybe CKEditor 5 respectively django-ckeditor-5 after checking whether the CKEditor 5 license terms work for you) or switch to the non-free CKEditor 4 LTS package. See https://ckeditor.com/ckeditor-4-support/ for more on this. (Note! This notice has been added by the django-ckeditor developers and we are not affiliated with CKSource and were not involved in the licensing change, so please refrain from complaining to us. Thanks.)
Checked 0 pending refund payments
System check identified some issues:

WARNINGS:
?: (ckeditor.W001) django-ckeditor bundles CKEditor 4.22.1 which isn't supported anymore and which does have unfixed security issues, see for example https://ckeditor.com/cke4/release/CKEditor-4.24.0-LTS . You should consider strongly switching to a different editor (maybe CKEditor 5 respectively django-ckeditor-5 after checking whether the CKEditor 5 license terms work for you) or switch to the non-free CKEditor 4 LTS package. See https://ckeditor.com/ckeditor-4-support/ for more on this. (Note! This notice has been added by the django-ckeditor developers and we are not affiliated with CKSource and were not involved in the licensing change, so please refrain from complaining to us. Thanks.)
Checked 0 pending refund payments
System check identified some issues:

WARNINGS:
?: (ckeditor.W001) django-ckeditor bundles CKEditor 4.22.1 which isn't supported anymore and which does have unfixed security issues, see for example https://ckeditor.com/cke4/release/CKEditor-4.24.0-LTS . You should consider strongly switching to a different editor (maybe CKEditor 5 respectively django-ckeditor-5 after checking whether the CKEditor 5 license terms work for you) or switch to the non-free CKEditor 4 LTS package. See https://ckeditor.com/ckeditor-4-support/ for more on this. (Note! This notice has been added by the django-ckeditor developers and we are not affiliated with CKSource and were not involved in the licensing change, so please refrain from complaining to us. Thanks.)
Checked 0 pending refund payments
System check identified some issues:

WARNINGS:
?: (ckeditor.W001) django-ckeditor bundles CKEditor 4.22.1 which isn't supported anymore and which does have unfixed security issues, see for example https://ckeditor.com/cke4/release/CKEditor-4.24.0-LTS . You should consider strongly switching to a different editor (maybe CKEditor 5 respectively django-ckeditor-5 after checking whether the CKEditor 5 license terms work for you) or switch to the non-free CKEditor 4 LTS package. See https://ckeditor.com/ckeditor-4-support/ for more on this. (Note! This notice has been added by the django-ckeditor developers and we are not affiliated with CKSource and were not involved in the licensing change, so please refrain from complaining to us. Thanks.)
Checked 0 pending refund payments
System check identified some issues:

WARNINGS:
?: (ckeditor.W001) django-ckeditor bundles CKEditor 4.22.1 which isn't supported anymore and which does have unfixed security issues, see for example https://ckeditor.com/cke4/release/CKEditor-4.24.0-LTS . You should consider strongly switching to a different editor (maybe CKEditor 5 respectively django-ckeditor-5 after checking whether the CKEditor 5 license terms work for you) or switch to the non-free CKEditor 4 LTS package. See https://ckeditor.com/ckeditor-4-support/ for more on this. (Note! This notice has been added by the django-ckeditor developers and we are not affiliated with CKSource and were not involved in the licensing change, so please refrain from complaining to us. Thanks.)
Checked 0 pending refund payments
System check identified some issues:

WARNINGS:
?: (ckeditor.W001) django-ckeditor bundles CKEditor 4.22.1 which isn't supported anymore and which does have unfixed security issues, see for example https://ckeditor.com/cke4/release/CKEditor-4.24.0-LTS . You should consider strongly switching to a different editor (maybe CKEditor 5 respectively django-ckeditor-5 after checking whether the CKEditor 5 license terms work for you) or switch to the non-free CKEditor 4 LTS package. See https://ckeditor.com/ckeditor-4-support/ for more on this. (Note! This notice has been added by the django-ckeditor developers and we are not affiliated with CKSource and were not involved in the licensing change, so please refrain from complaining to us. Thanks.)
Checked 0 pending refund payments
System check identified some issues:

WARNINGS:
?: (ckeditor.W001) django-ckeditor bundles CKEditor 4.22.1 which isn't supported anymore and which does have unfixed security issues, see for example https://ckeditor.com/cke4/release/CKEditor-4.24.0-LTS . You should consider strongly switching to a different editor (maybe CKEditor 5 respectively django-ckeditor-5 after checking whether the CKEditor 5 license terms work for you) or switch to the non-free CKEditor 4 LTS package. See https://ckeditor.com/ckeditor-4-support/ for more on this. (Note! This notice has been added by the django-ckeditor developers and we are not affiliated with CKSource and were not involved in the licensing change, so please refrain from complaining to us. Thanks.)
Checked 0 pending refund payments
System check identified some issues:

WARNINGS:
?: (ckeditor.W001) django-ckeditor bundles CKEditor 4.22.1 which isn't supported anymore and which does have unfixed security issues, see for example https://ckeditor.com/cke4/release/CKEditor-4.24.0-LTS . You should consider strongly switching to a different editor (maybe CKEditor 5 respectively django-ckeditor-5 after checking whether the CKEditor 5 license terms work for you) or switch to the non-free CKEditor 4 LTS package. See https://ckeditor.com/ckeditor-4-support/ for more on this. (Note! This notice has been added by the django-ckeditor developers and we are not affiliated with CKSource and were not involved in the licensing change, so please refrain from complaining to us. Thanks.)
Checked 0 pending refund payments
System check identified some issues:

WARNINGS:
?: (ckeditor.W001) django-ckeditor bundles CKEditor 4.22.1 which isn't supported anymore and which does have unfixed security issues, see for example https://ckeditor.com/cke4/release/CKEditor-4.24.0-LTS . You should consider strongly switching to a different editor (maybe CKEditor 5 respectively django-ckeditor-5 after checking whether the CKEditor 5 license terms work for you) or switch to the non-free CKEditor 4 LTS package. See https://ckeditor.com/ckeditor-4-support/ for more on this. (Note! This notice has been added by the django-ckeditor developers and we are not affiliated with CKSource and were not involved in the licensing change, so please refrain from complaining to us. Thanks.)
Checked 0 pending refund payments
System check identified some issues:

WARNINGS:
?: (ckeditor.W001) django-ckeditor bundles CKEditor 4.22.1 which isn't supported anymore and which does have unfixed security issues, see for example https://ckeditor.com/cke4/release/CKEditor-4.24.0-LTS . You should consider strongly switching to a different editor (maybe CKEditor 5 respectively django-ckeditor-5 after checking whether the CKEditor 5 license terms work for you) or switch to the non-free CKEditor 4 LTS package. See https://ckeditor.com/ckeditor-4-support/ for more on this. (Note! This notice has been added by the django-ckeditor developers and we are not affiliated with CKSource and were not involved in the licensing change, so please refrain from complaining to us. Thanks.)
Checked 0 pending refund payments
System check identified some issues:

WARNINGS:
?: (ckeditor.W001) django-ckeditor bundles CKEditor 4.22.1 which isn't supported anymore and which does have unfixed security issues, see for example https://ckeditor.com/cke4/release/CKEditor-4.24.0-LTS . You should consider strongly switching to a different editor (maybe CKEditor 5 respectively django-ckeditor-5 after checking whether the CKEditor 5 license terms work for you) or switch to the non-free CKEditor 4 LTS package. See https://ckeditor.com/ckeditor-4-support/ for more on this. (Note! This notice has been added by the django-ckeditor developers and we are not affiliated with CKSource and were not involved in the licensing change, so please refrain from complaining to us. Thanks.)
Checked 0 pending refund payments
System check identified some issues:

WARNINGS:
?: (ckeditor.W001) django-ckeditor bundles CKEditor 4.22.1 which isn't supported anymore and which does have unfixed security issues, see for example https://ckeditor.com/cke4/release/CKEditor-4.24.0-LTS . You should consider strongly switching to a different editor (maybe CKEditor 5 respectively django-ckeditor-5 after checking whether the CKEditor 5 license terms work for you) or switch to the non-free CKEditor 4 LTS package. See https://ckeditor.com/ckeditor-4-support/ for more on this. (Note! This notice has been added by the django-ckeditor developers and we are not affiliated with CKSource and were not involved in the licensing change, so please refrain from complaining to us. Thanks.)
Checked 0 pending refund payments
System check identified some issues:

WARNINGS:
?: (ckeditor.W001) django-ckeditor bundles CKEditor 4.22.1 which isn't supported anymore and which does have unfixed security issues, see for example https://ckeditor.com/cke4/release/CKEditor-4.24.0-LTS . You should consider strongly switching to a different editor (maybe CKEditor 5 respectively django-ckeditor-5 after checking whether the CKEditor 5 license terms work for you) or switch to the non-free CKEditor 4 LTS package. See https://ckeditor.com/ckeditor-4-support/ for more on this. (Note! This notice has been added by the django-ckeditor developers and we are not affiliated with CKSource and were not involved in the licensing change, so please refrain from complaining to us. Thanks.)
Checked 0 pending refund payments
System check identified some issues:

WARNINGS:
?: (ckeditor.W001) django-ckeditor bundles CKEditor 4.22.1 which isn't supported anymore and which does have unfixed security issues, see for example https://ckeditor.com/cke4/release/CKEditor-4.24.0-LTS . You should consider strongly switching to a different editor (maybe CKEditor 5 respectively django-ckeditor-5 after checking whether the CKEditor 5 license terms work for you) or switch to the non-free CKEditor 4 LTS package. See https://ckeditor.com/ckeditor-4-support/ for more on this. (Note! This notice has been added by the django-ckeditor developers and we are not affiliated with CKSource and were not involved in the licensing change, so please refrain from complaining to us. Thanks.)
Checked 0 pending refund payments
System check identified some issues:

WARNINGS:
?: (ckeditor.W001) django-ckeditor bundles CKEditor 4.22.1 which isn't supported anymore and which does have unfixed security issues, see for example https://ckeditor.com/cke4/release/CKEditor-4.24.0-LTS . You should consider strongly switching to a different editor (maybe CKEditor 5 respectively django-ckeditor-5 after checking whether the CKEditor 5 license terms work for you) or switch to the non-free CKEditor 4 LTS package. See https://ckeditor.com/ckeditor-4-support/ for more on this. (Note! This notice has been added by the django-ckeditor developers and we are not affiliated with CKSource and were not involved in the licensing change, so please refrain from complaining to us. Thanks.)
Checked 0 pending refund payments
System check identified some issues:

WARNINGS:
?: (ckeditor.W001) django-ckeditor bundles CKEditor 4.22.1 which isn't supported anymore and which does have unfixed security issues, see for example https://ckeditor.com/cke4/release/CKEditor-4.24.0-LTS . You should consider strongly switching to a different editor (maybe CKEditor 5 respectively django-ckeditor-5 after checking whether the CKEditor 5 license terms work for you) or switch to the non-free CKEditor 4 LTS package. See https://ckeditor.com/ckeditor-4-support/ for more on this. (Note! This notice has been added by the django-ckeditor developers and we are not affiliated with CKSource and were not involved in the licensing change, so please refrain from complaining to us. Thanks.)
Checked 0 pending refund payments
System check identified some issues:

WARNINGS:
?: (ckeditor.W001) django-ckeditor bundles CKEditor 4.22.1 which isn't supported anymore and which does have unfixed security issues, see for example https://ckeditor.com/cke4/release/CKEditor-4.24.0-LTS . You should consider strongly switching to a different editor (maybe CKEditor 5 respectively django-ckeditor-5 after checking whether the CKEditor 5 license terms work for you) or switch to the non-free CKEditor 4 LTS package. See https://ckeditor.com/ckeditor-4-support/ for more on this. (Note! This notice has been added by the django-ckeditor developers and we are not affiliated with CKSource and were not involved in the licensing change, so please refrain from complaining to us. Thanks.)
Checked 0 pending refund payments
System check identified some issues:

WARNINGS:
?: (ckeditor.W001) django-ckeditor bundles CKEditor 4.22.1 which isn't supported anymore and which does have unfixed security issues, see for example https://ckeditor.com/cke4/release/CKEditor-4.24.0-LTS . You should consider strongly switching to a different editor (maybe CKEditor 5 respectively django-ckeditor-5 after checking whether the CKEditor 5 license terms work for you) or switch to the non-free CKEditor 4 LTS package. See https://ckeditor.com/ckeditor-4-support/ for more on this. (Note! This notice has been added by the django-ckeditor developers and we are not affiliated with CKSource and were not involved in the licensing change, so please refrain from complaining to us. Thanks.)
Checked 0 pending refund payments
System check identified some issues:

WARNINGS:
?: (ckeditor.W001) django-ckeditor bundles CKEditor 4.22.1 which isn't supported anymore and which does have unfixed security issues, see for example https://ckeditor.com/cke4/release/CKEditor-4.24.0-LTS . You should consider strongly switching to a different editor (maybe CKEditor 5 respectively django-ckeditor-5 after checking whether the CKEditor 5 license terms work for you) or switch to the non-free CKEditor 4 LTS package. See https://ckeditor.com/ckeditor-4-support/ for more on this. (Note! This notice has been added by the django-ckeditor developers and we are not affiliated with CKSource and were not involved in the licensing change, so please refrain from complaining to us. Thanks.)
Checked 0 pending refund payments
System check identified some issues:

WARNINGS:
?: (ckeditor.W001) django-ckeditor bundles CKEditor 4.22.1 which isn't supported anymore and which does have unfixed security issues, see for example https://ckeditor.com/cke4/release/CKEditor-4.24.0-LTS . You should consider strongly switching to a different editor (maybe CKEditor 5 respectively django-ckeditor-5 after checking whether the CKEditor 5 license terms work for you) or switch to the non-free CKEditor 4 LTS package. See https://ckeditor.com/ckeditor-4-support/ for more on this. (Note! This notice has been added by the django-ckeditor developers and we are not affiliated with CKSource and were not involved in the licensing change, so please refrain from complaining to us. Thanks.)
Checked 0 pending refund payments
System check identified some issues:

WARNINGS:
?: (ckeditor.W001) django-ckeditor bundles CKEditor 4.22.1 which isn't supported anymore and which does have unfixed security issues, see for example https://ckeditor.com/cke4/release/CKEditor-4.24.0-LTS . You should consider strongly switching to a different editor (maybe CKEditor 5 respectively django-ckeditor-5 after checking whether the CKEditor 5 license terms work for you) or switch to the non-free CKEditor 4 LTS package. See https://ckeditor.com/ckeditor-4-support/ for more on this. (Note! This notice has been added by the django-ckeditor developers and we are not affiliated with CKSource and were not involved in the licensing change, so please refrain from complaining to us. Thanks.)
Checked 0 pending refund payments
Unknown command: 'check_refund_pending'
Type 'manage.py help' for usage.
Unknown command: 'check_refund_pending'
Type 'manage.py help' for usage.
System check identified some issues:

WARNINGS:
?: (ckeditor.W001) django-ckeditor bundles CKEditor 4.22.1 which isn't supported anymore and which does have unfixed security issues, see for example https://ckeditor.com/cke4/release/CKEditor-4.24.0-LTS . You should consider strongly switching to a different editor (maybe CKEditor 5 respectively django-ckeditor-5 after checking whether the CKEditor 5 license terms work for you) or switch to the non-free CKEditor 4 LTS package. See https://ckeditor.com/ckeditor-4-support/ for more on this. (Note! This notice has been added by the django-ckeditor developers and we are not affiliated with CKSource and were not involved in the licensing change, so please refrain from complaining to us. Thanks.)
Checked 0 pending refund payments
System check identified some issues:

WARNINGS:
?: (ckeditor.W001) django-ckeditor bundles CKEditor 4.22.1 which isn't supported anymore and which does have unfixed security issues, see for example https://ckeditor.com/cke4/release/CKEditor-4.24.0-LTS . You should consider strongly switching to a different editor (maybe CKEditor 5 respectively django-ckeditor-5 after checking whether the CKEditor 5 license terms work for you) or switch to the non-free CKEditor 4 LTS package. See https://ckeditor.com/ckeditor-4-support/ for more on this. (Note! This notice has been added by the django-ckeditor developers and we are not affiliated with CKSource and were not involved in the licensing change, so please refrain from complaining to us. Thanks.)
Checked 0 pending refund payments
System check identified some issues:

WARNINGS:
?: (ckeditor.W001) django-ckeditor bundles CKEditor 4.22.1 which isn't supported anymore and which does have unfixed security issues, see for example https://ckeditor.com/cke4/release/CKEditor-4.24.0-LTS . You should consider strongly switching to a different editor (maybe CKEditor 5 respectively django-ckeditor-5 after checking whether the CKEditor 5 license terms work for you) or switch to the non-free CKEditor 4 LTS package. See https://ckeditor.com/ckeditor-4-support/ for more on this. (Note! This notice has been added by the django-ckeditor developers and we are not affiliated with CKSource and were not involved in the licensing change, so please refrain from complaining to us. Thanks.)
Checked 0 pending refund payments
System check identified some issues:

WARNINGS:
?: (ckeditor.W001) django-ckeditor bundles CKEditor 4.22.1 which isn't supported anymore and which does have unfixed security issues, see for example https://ckeditor.com/cke4/release/CKEditor-4.24.0-LTS . You should consider strongly switching to a different editor (maybe CKEditor 5 respectively django-ckeditor-5 after checking whether the CKEditor 5 license terms work for you) or switch to the non-free CKEditor 4 LTS package. See https://ckeditor.com/ckeditor-4-support/ for more on this. (Note! This notice has been added by the django-ckeditor developers and we are not affiliated with CKSource and were not involved in the licensing change, so please refrain from complaining to us. Thanks.)
Checked 0 pending refund payments
System check identified some issues:

WARNINGS:
?: (ckeditor.W001) django-ckeditor bundles CKEditor 4.22.1 which isn't supported anymore and which does have unfixed security issues, see for example https://ckeditor.com/cke4/release/CKEditor-4.24.0-LTS . You should consider strongly switching to a different editor (maybe CKEditor 5 respectively django-ckeditor-5 after checking whether the CKEditor 5 license terms work for you) or switch to the non-free CKEditor 4 LTS package. See https://ckeditor.com/ckeditor-4-support/ for more on this. (Note! This notice has been added by the django-ckeditor developers and we are not affiliated with CKSource and were not involved in the licensing change, so please refrain from complaining to us. Thanks.)
Checked 0 pending refund payments
System check identified some issues:

WARNINGS:
?: (ckeditor.W001) django-ckeditor bundles CKEditor 4.22.1 which isn't supported anymore and which does have unfixed security issues, see for example https://ckeditor.com/cke4/release/CKEditor-4.24.0-LTS . You should consider strongly switching to a different editor (maybe CKEditor 5 respectively django-ckeditor-5 after checking whether the CKEditor 5 license terms work for you) or switch to the non-free CKEditor 4 LTS package. See https://ckeditor.com/ckeditor-4-support/ for more on this. (Note! This notice has been added by the django-ckeditor developers and we are not affiliated with CKSource and were not involved in the licensing change, so please refrain from complaining to us. Thanks.)
Checked 0 pending refund payments
System check identified some issues:

WARNINGS:
?: (ckeditor.W001) django-ckeditor bundles CKEditor 4.22.1 which isn't supported anymore and which does have unfixed security issues, see for example https://ckeditor.com/cke4/release/CKEditor-4.24.0-LTS . You should consider strongly switching to a different editor (maybe CKEditor 5 respectively django-ckeditor-5 after checking whether the CKEditor 5 license terms work for you) or switch to the non-free CKEditor 4 LTS package. See https://ckeditor.com/ckeditor-4-support/ for more on this. (Note! This notice has been added by the django-ckeditor developers and we are not affiliated with CKSource and were not involved in the licensing change, so please refrain from complaining to us. Thanks.)
Checked 0 pending refund payments
System check identified some issues:

WARNINGS:
?: (ckeditor.W001) django-ckeditor bundles CKEditor 4.22.1 which isn't supported anymore and which does have unfixed security issues, see for example https://ckeditor.com/cke4/release/CKEditor-4.24.0-LTS . You should consider strongly switching to a different editor (maybe CKEditor 5 respectively django-ckeditor-5 after checking whether the CKEditor 5 license terms work for you) or switch to the non-free CKEditor 4 LTS package. See https://ckeditor.com/ckeditor-4-support/ for more on this. (Note! This notice has been added by the django-ckeditor developers and we are not affiliated with CKSource and were not involved in the licensing change, so please refrain from complaining to us. Thanks.)
Checked 0 pending refund payments
System check identified some issues:

WARNINGS:
?: (ckeditor.W001) django-ckeditor bundles CKEditor 4.22.1 which isn't supported anymore and which does have unfixed security issues, see for example https://ckeditor.com/cke4/release/CKEditor-4.24.0-LTS . You should consider strongly switching to a different editor (maybe CKEditor 5 respectively django-ckeditor-5 after checking whether the CKEditor 5 license terms work for you) or switch to the non-free CKEditor 4 LTS package. See https://ckeditor.com/ckeditor-4-support/ for more on this. (Note! This notice has been added by the django-ckeditor developers and we are not affiliated with CKSource and were not involved in the licensing change, so please refrain from complaining to us. Thanks.)
Checked 0 pending refund payments
System check identified some issues:

WARNINGS:
?: (ckeditor.W001) django-ckeditor bundles CKEditor 4.22.1 which isn't supported anymore and which does have unfixed security issues, see for example https://ckeditor.com/cke4/release/CKEditor-4.24.0-LTS . You should consider strongly switching to a different editor (maybe CKEditor 5 respectively django-ckeditor-5 after checking whether the CKEditor 5 license terms work for you) or switch to the non-free CKEditor 4 LTS package. See https://ckeditor.com/ckeditor-4-support/ for more on this. (Note! This notice has been added by the django-ckeditor developers and we are not affiliated with CKSource and were not involved in the licensing change, so please refrain from complaining to us. Thanks.)
Checked 0 pending refund payments
System check identified some issues:

WARNINGS:
?: (ckeditor.W001) django-ckeditor bundles CKEditor 4.22.1 which isn't supported anymore and which does have unfixed security issues, see for example https://ckeditor.com/cke4/release/CKEditor-4.24.0-LTS . You should consider strongly switching to a different editor (maybe CKEditor 5 respectively django-ckeditor-5 after checking whether the CKEditor 5 license terms work for you) or switch to the non-free CKEditor 4 LTS package. See https://ckeditor.com/ckeditor-4-support/ for more on this. (Note! This notice has been added by the django-ckeditor developers and we are not affiliated with CKSource and were not involved in the licensing change, so please refrain from complaining to us. Thanks.)
Checked 0 pending refund payments
System check identified some issues:

WARNINGS:
?: (ckeditor.W001) django-ckeditor bundles CKEditor 4.22.1 which isn't supported anymore and which does have unfixed security issues, see for example https://ckeditor.com/cke4/release/CKEditor-4.24.0-LTS . You should consider strongly switching to a different editor (maybe CKEditor 5 respectively django-ckeditor-5 after checking whether the CKEditor 5 license terms work for you) or switch to the non-free CKEditor 4 LTS package. See https://ckeditor.com/ckeditor-4-support/ for more on this. (Note! This notice has been added by the django-ckeditor developers and we are not affiliated with CKSource and were not involved in the licensing change, so please refrain from complaining to us. Thanks.)
Checked 0 pending refund payments
System check identified some issues:

WARNINGS:
?: (ckeditor.W001) django-ckeditor bundles CKEditor 4.22.1 which isn't supported anymore and which does have unfixed security issues, see for example https://ckeditor.com/cke4/release/CKEditor-4.24.0-LTS . You should consider strongly switching to a different editor (maybe CKEditor 5 respectively django-ckeditor-5 after checking whether the CKEditor 5 license terms work for you) or switch to the non-free CKEditor 4 LTS package. See https://ckeditor.com/ckeditor-4-support/ for more on this. (Note! This notice has been added by the django-ckeditor developers and we are not affiliated with CKSource and were not involved in the licensing change, so please refrain from complaining to us. Thanks.)
Checked 0 pending refund payments
System check identified some issues:

WARNINGS:
?: (ckeditor.W001) django-ckeditor bundles CKEditor 4.22.1 which isn't supported anymore and which does have unfixed security issues, see for example https://ckeditor.com/cke4/release/CKEditor-4.24.0-LTS . You should consider strongly switching to a different editor (maybe CKEditor 5 respectively django-ckeditor-5 after checking whether the CKEditor 5 license terms work for you) or switch to the non-free CKEditor 4 LTS package. See https://ckeditor.com/ckeditor-4-support/ for more on this. (Note! This notice has been added by the django-ckeditor developers and we are not affiliated with CKSource and were not involved in the licensing change, so please refrain from complaining to us. Thanks.)
Checked 0 pending refund payments
System check identified some issues:

WARNINGS:
?: (ckeditor.W001) django-ckeditor bundles CKEditor 4.22.1 which isn't supported anymore and which does have unfixed security issues, see for example https://ckeditor.com/cke4/release/CKEditor-4.24.0-LTS . You should consider strongly switching to a different editor (maybe CKEditor 5 respectively django-ckeditor-5 after checking whether the CKEditor 5 license terms work for you) or switch to the non-free CKEditor 4 LTS package. See https://ckeditor.com/ckeditor-4-support/ for more on this. (Note! This notice has been added by the django-ckeditor developers and we are not affiliated with CKSource and were not involved in the licensing change, so please refrain from complaining to us. Thanks.)
Checked 0 pending refund payments
System check identified some issues:

WARNINGS:
?: (ckeditor.W001) django-ckeditor bundles CKEditor 4.22.1 which isn't supported anymore and which does have unfixed security issues, see for example https://ckeditor.com/cke4/release/CKEditor-4.24.0-LTS . You should consider strongly switching to a different editor (maybe CKEditor 5 respectively django-ckeditor-5 after checking whether the CKEditor 5 license terms work for you) or switch to the non-free CKEditor 4 LTS package. See https://ckeditor.com/ckeditor-4-support/ for more on this. (Note! This notice has been added by the django-ckeditor developers and we are not affiliated with CKSource and were not involved in the licensing change, so please refrain from complaining to us. Thanks.)
Checked 0 pending refund payments
System check identified some issues:

WARNINGS:
?: (ckeditor.W001) django-ckeditor bundles CKEditor 4.22.1 which isn't supported anymore and which does have unfixed security issues, see for example https://ckeditor.com/cke4/release/CKEditor-4.24.0-LTS . You should consider strongly switching to a different editor (maybe CKEditor 5 respectively django-ckeditor-5 after checking whether the CKEditor 5 license terms work for you) or switch to the non-free CKEditor 4 LTS package. See https://ckeditor.com/ckeditor-4-support/ for more on this. (Note! This notice has been added by the django-ckeditor developers and we are not affiliated with CKSource and were not involved in the licensing change, so please refrain from complaining to us. Thanks.)
Checked 0 pending refund payments
System check identified some issues:

WARNINGS:
?: (ckeditor.W001) django-ckeditor bundles CKEditor 4.22.1 which isn't supported anymore and which does have unfixed security issues, see for example https://ckeditor.com/cke4/release/CKEditor-4.24.0-LTS . You should consider strongly switching to a different editor (maybe CKEditor 5 respectively django-ckeditor-5 after checking whether the CKEditor 5 license terms work for you) or switch to the non-free CKEditor 4 LTS package. See https://ckeditor.com/ckeditor-4-support/ for more on this. (Note! This notice has been added by the django-ckeditor developers and we are not affiliated with CKSource and were not involved in the licensing change, so please refrain from complaining to us. Thanks.)
Checked 0 pending refund payments
System check identified some issues:

WARNINGS:
?: (ckeditor.W001) django-ckeditor bundles CKEditor 4.22.1 which isn't supported anymore and which does have unfixed security issues, see for example https://ckeditor.com/cke4/release/CKEditor-4.24.0-LTS . You should consider strongly switching to a different editor (maybe CKEditor 5 respectively django-ckeditor-5 after checking whether the CKEditor 5 license terms work for you) or switch to the non-free CKEditor 4 LTS package. See https://ckeditor.com/ckeditor-4-support/ for more on this. (Note! This notice has been added by the django-ckeditor developers and we are not affiliated with CKSource and were not involved in the licensing change, so please refrain from complaining to us. Thanks.)
Checked 0 pending refund payments
System check identified some issues:

WARNINGS:
?: (ckeditor.W001) django-ckeditor bundles CKEditor 4.22.1 which isn't supported anymore and which does have unfixed security issues, see for example https://ckeditor.com/cke4/release/CKEditor-4.24.0-LTS . You should consider strongly switching to a different editor (maybe CKEditor 5 respectively django-ckeditor-5 after checking whether the CKEditor 5 license terms work for you) or switch to the non-free CKEditor 4 LTS package. See https://ckeditor.com/ckeditor-4-support/ for more on this. (Note! This notice has been added by the django-ckeditor developers and we are not affiliated with CKSource and were not involved in the licensing change, so please refrain from complaining to us. Thanks.)
Checked 0 pending refund payments
System check identified some issues:

WARNINGS:
?: (ckeditor.W001) django-ckeditor bundles CKEditor 4.22.1 which isn't supported anymore and which does have unfixed security issues, see for example https://ckeditor.com/cke4/release/CKEditor-4.24.0-LTS . You should consider strongly switching to a different editor (maybe CKEditor 5 respectively django-ckeditor-5 after checking whether the CKEditor 5 license terms work for you) or switch to the non-free CKEditor 4 LTS package. See https://ckeditor.com/ckeditor-4-support/ for more on this. (Note! This notice has been added by the django-ckeditor developers and we are not affiliated with CKSource and were not involved in the licensing change, so please refrain from complaining to us. Thanks.)
Checked 0 pending refund payments
System check identified some issues:

WARNINGS:
?: (ckeditor.W001) django-ckeditor bundles CKEditor 4.22.1 which isn't supported anymore and which does have unfixed security issues, see for example https://ckeditor.com/cke4/release/CKEditor-4.24.0-LTS . You should consider strongly switching to a different editor (maybe CKEditor 5 respectively django-ckeditor-5 after checking whether the CKEditor 5 license terms work for you) or switch to the non-free CKEditor 4 LTS package. See https://ckeditor.com/ckeditor-4-support/ for more on this. (Note! This notice has been added by the django-ckeditor developers and we are not affiliated with CKSource and were not involved in the licensing change, so please refrain from complaining to us. Thanks.)
Checked 0 pending refund payments
System check identified some issues:

WARNINGS:
?: (ckeditor.W001) django-ckeditor bundles CKEditor 4.22.1 which isn't supported anymore and which does have unfixed security issues, see for example https://ckeditor.com/cke4/release/CKEditor-4.24.0-LTS . You should consider strongly switching to a different editor (maybe CKEditor 5 respectively django-ckeditor-5 after checking whether the CKEditor 5 license terms work for you) or switch to the non-free CKEditor 4 LTS package. See https://ckeditor.com/ckeditor-4-support/ for more on this. (Note! This notice has been added by the django-ckeditor developers and we are not affiliated with CKSource and were not involved in the licensing change, so please refrain from complaining to us. Thanks.)
Checked 0 pending refund payments
System check identified some issues:

WARNINGS:
?: (ckeditor.W001) django-ckeditor bundles CKEditor 4.22.1 which isn't supported anymore and which does have unfixed security issues, see for example https://ckeditor.com/cke4/release/CKEditor-4.24.0-LTS . You should consider strongly switching to a different editor (maybe CKEditor 5 respectively django-ckeditor-5 after checking whether the CKEditor 5 license terms work for you) or switch to the non-free CKEditor 4 LTS package. See https://ckeditor.com/ckeditor-4-support/ for more on this. (Note! This notice has been added by the django-ckeditor developers and we are not affiliated with CKSource and were not involved in the licensing change, so please refrain from complaining to us. Thanks.)
Checked 0 pending refund payments
System check identified some issues:

WARNINGS:
?: (ckeditor.W001) django-ckeditor bundles CKEditor 4.22.1 which isn't supported anymore and which does have unfixed security issues, see for example https://ckeditor.com/cke4/release/CKEditor-4.24.0-LTS . You should consider strongly switching to a different editor (maybe CKEditor 5 respectively django-ckeditor-5 after checking whether the CKEditor 5 license terms work for you) or switch to the non-free CKEditor 4 LTS package. See https://ckeditor.com/ckeditor-4-support/ for more on this. (Note! This notice has been added by the django-ckeditor developers and we are not affiliated with CKSource and were not involved in the licensing change, so please refrain from complaining to us. Thanks.)
Checked 0 pending refund payments
^CSystem check identified some issues:

WARNINGS:
?: (ckeditor.W001) django-ckeditor bundles CKEditor 4.22.1 which isn't supported anymore and which does have unfixed security issues, see for example https://ckeditor.com/cke4/release/CKEditor-4.24.0-LTS . You should consider strongly switching to a different editor (maybe CKEditor 5 respectively django-ckeditor-5 after checking whether the CKEditor 5 license terms work for you) or switch to the non-free CKEditor 4 LTS package. See https://ckeditor.com/ckeditor-4-support/ for more on this. (Note! This notice has been added by the django-ckeditor developers and we are not affiliated with CKSource and were not involved in the licensing change, so please refrain from complaining to us. Thanks.)
Checked 0 pending refund payments
System check identified some issues:

WARNINGS:
?: (ckeditor.W001) django-ckeditor bundles CKEditor 4.22.1 which isn't supported anymore and which does have unfixed security issues, see for example https://ckeditor.com/cke4/release/CKEditor-4.24.0-LTS . You should consider strongly switching to a different editor (maybe CKEditor 5 respectively django-ckeditor-5 after checking whether the CKEditor 5 license terms work for you) or switch to the non-free CKEditor 4 LTS package. See https://ckeditor.com/ckeditor-4-support/ for more on this. (Note! This notice has been added by the django-ckeditor developers and we are not affiliated with CKSource and were not involved in the licensing change, so please refrain from complaining to us. Thanks.)
Checked 0 pending refund payments
System check identified some issues:

WARNINGS:
?: (ckeditor.W001) django-ckeditor bundles CKEditor 4.22.1 which isn't supported anymore and which does have unfixed security issues, see for example https://ckeditor.com/cke4/release/CKEditor-4.24.0-LTS . You should consider strongly switching to a different editor (maybe CKEditor 5 respectively django-ckeditor-5 after checking whether the CKEditor 5 license terms work for you) or switch to the non-free CKEditor 4 LTS package. See https://ckeditor.com/ckeditor-4-support/ for more on this. (Note! This notice has been added by the django-ckeditor developers and we are not affiliated with CKSource and were not involved in the licensing change, so please refrain from complaining to us. Thanks.)
Checked 0 pending refund payments
System check identified some issues:

WARNINGS:
?: (ckeditor.W001) django-ckeditor bundles CKEditor 4.22.1 which isn't supported anymore and which does have unfixed security issues, see for example https://ckeditor.com/cke4/release/CKEditor-4.24.0-LTS . You should consider strongly switching to a different editor (maybe CKEditor 5 respectively django-ckeditor-5 after checking whether the CKEditor 5 license terms work for you) or switch to the non-free CKEditor 4 LTS package. See https://ckeditor.com/ckeditor-4-support/ for more on this. (Note! This notice has been added by the django-ckeditor developers and we are not affiliated with CKSource and were not involved in the licensing change, so please refrain from complaining to us. Thanks.)
Checked 0 pending refund payments
System check identified some issues:

WARNINGS:
?: (ckeditor.W001) django-ckeditor bundles CKEditor 4.22.1 which isn't supported anymore and which does have unfixed security issues, see for example https://ckeditor.com/cke4/release/CKEditor-4.24.0-LTS . You should consider strongly switching to a different editor (maybe CKEditor 5 respectively django-ckeditor-5 after checking whether the CKEditor 5 license terms work for you) or switch to the non-free CKEditor 4 LTS package. See https://ckeditor.com/ckeditor-4-support/ for more on this. (Note! This notice has been added by the django-ckeditor developers and we are not affiliated with CKSource and were not involved in the licensing change, so please refrain from complaining to us. Thanks.)
Checked 0 pending refund payments
System check identified some issues:

WARNINGS:
?: (ckeditor.W001) django-ckeditor bundles CKEditor 4.22.1 which isn't supported anymore and which does have unfixed security issues, see for example https://ckeditor.com/cke4/release/CKEditor-4.24.0-LTS . You should consider strongly switching to a different editor (maybe CKEditor 5 respectively django-ckeditor-5 after checking whether the CKEditor 5 license terms work for you) or switch to the non-free CKEditor 4 LTS package. See https://ckeditor.com/ckeditor-4-support/ for more on this. (Note! This notice has been added by the django-ckeditor developers and we are not affiliated with CKSource and were not involved in the licensing change, so please refrain from complaining to us. Thanks.)
Checked 0 pending refund payments
System check identified some issues:

WARNINGS:
?: (ckeditor.W001) django-ckeditor bundles CKEditor 4.22.1 which isn't supported anymore and which does have unfixed security issues, see for example https://ckeditor.com/cke4/release/CKEditor-4.24.0-LTS . You should consider strongly switching to a different editor (maybe CKEditor 5 respectively django-ckeditor-5 after checking whether the CKEditor 5 license terms work for you) or switch to the non-free CKEditor 4 LTS package. See https://ckeditor.com/ckeditor-4-support/ for more on this. (Note! This notice has been added by the django-ckeditor developers and we are not affiliated with CKSource and were not involved in the licensing change, so please refrain from complaining to us. Thanks.)
Checked 0 pending refund payments
System check identified some issues:

WARNINGS:
?: (ckeditor.W001) django-ckeditor bundles CKEditor 4.22.1 which isn't supported anymore and which does have unfixed security issues, see for example https://ckeditor.com/cke4/release/CKEditor-4.24.0-LTS . You should consider strongly switching to a different editor (maybe CKEditor 5 respectively django-ckeditor-5 after checking whether the CKEditor 5 license terms work for you) or switch to the non-free CKEditor 4 LTS package. See https://ckeditor.com/ckeditor-4-support/ for more on this. (Note! This notice has been added by the django-ckeditor developers and we are not affiliated with CKSource and were not involved in the licensing change, so please refrain from complaining to us. Thanks.)
Checked 0 pending refund payments
System check identified some issues:

WARNINGS:
?: (ckeditor.W001) django-ckeditor bundles CKEditor 4.22.1 which isn't supported anymore and which does have unfixed security issues, see for example https://ckeditor.com/cke4/release/CKEditor-4.24.0-LTS . You should consider strongly switching to a different editor (maybe CKEditor 5 respectively django-ckeditor-5 after checking whether the CKEditor 5 license terms work for you) or switch to the non-free CKEditor 4 LTS package. See https://ckeditor.com/ckeditor-4-support/ for more on this. (Note! This notice has been added by the django-ckeditor developers and we are not affiliated with CKSource and were not involved in the licensing change, so please refrain from complaining to us. Thanks.)
Checked 0 pending refund payments
System check identified some issues:

WARNINGS:
?: (ckeditor.W001) django-ckeditor bundles CKEditor 4.22.1 which isn't supported anymore and which does have unfixed security issues, see for example https://ckeditor.com/cke4/release/CKEditor-4.24.0-LTS . You should consider strongly switching to a different editor (maybe CKEditor 5 respectively django-ckeditor-5 after checking whether the CKEditor 5 license terms work for you) or switch to the non-free CKEditor 4 LTS package. See https://ckeditor.com/ckeditor-4-support/ for more on this. (Note! This notice has been added by the django-ckeditor developers and we are not affiliated with CKSource and were not involved in the licensing change, so please refrain from complaining to us. Thanks.)
Checked 0 pending refund payments
System check identified some issues:

WARNINGS:
?: (ckeditor.W001) django-ckeditor bundles CKEditor 4.22.1 which isn't supported anymore and which does have unfixed security issues, see for example https://ckeditor.com/cke4/release/CKEditor-4.24.0-LTS . You should consider strongly switching to a different editor (maybe CKEditor 5 respectively django-ckeditor-5 after checking whether the CKEditor 5 license terms work for you) or switch to the non-free CKEditor 4 LTS package. See https://ckeditor.com/ckeditor-4-support/ for more on this. (Note! This notice has been added by the django-ckeditor developers and we are not affiliated with CKSource and were not involved in the licensing change, so please refrain from complaining to us. Thanks.)
Checked 0 pending refund payments
System check identified some issues:

WARNINGS:
?: (ckeditor.W001) django-ckeditor bundles CKEditor 4.22.1 which isn't supported anymore and which does have unfixed security issues, see for example https://ckeditor.com/cke4/release/CKEditor-4.24.0-LTS . You should consider strongly switching to a different editor (maybe CKEditor 5 respectively django-ckeditor-5 after checking whether the CKEditor 5 license terms work for you) or switch to the non-free CKEditor 4 LTS package. See https://ckeditor.com/ckeditor-4-support/ for more on this. (Note! This notice has been added by the django-ckeditor developers and we are not affiliated with CKSource and were not involved in the licensing change, so please refrain from complaining to us. Thanks.)
Checked 0 pending refund payments
System check identified some issues:

WARNINGS:
?: (ckeditor.W001) django-ckeditor bundles CKEditor 4.22.1 which isn't supported anymore and which does have unfixed security issues, see for example https://ckeditor.com/cke4/release/CKEditor-4.24.0-LTS . You should consider strongly switching to a different editor (maybe CKEditor 5 respectively django-ckeditor-5 after checking whether the CKEditor 5 license terms work for you) or switch to the non-free CKEditor 4 LTS package. See https://ckeditor.com/ckeditor-4-support/ for more on this. (Note! This notice has been added by the django-ckeditor developers and we are not affiliated with CKSource and were not involved in the licensing change, so please refrain from complaining to us. Thanks.)
Checked 0 pending refund payments
System check identified some issues:

WARNINGS:
?: (ckeditor.W001) django-ckeditor bundles CKEditor 4.22.1 which isn't supported anymore and which does have unfixed security issues, see for example https://ckeditor.com/cke4/release/CKEditor-4.24.0-LTS . You should consider strongly switching to a different editor (maybe CKEditor 5 respectively django-ckeditor-5 after checking whether the CKEditor 5 license terms work for you) or switch to the non-free CKEditor 4 LTS package. See https://ckeditor.com/ckeditor-4-support/ for more on this. (Note! This notice has been added by the django-ckeditor developers and we are not affiliated with CKSource and were not involved in the licensing change, so please refrain from complaining to us. Thanks.)
Checked 0 pending refund payments
System check identified some issues:

WARNINGS:
?: (ckeditor.W001) django-ckeditor bundles CKEditor 4.22.1 which isn't supported anymore and which does have unfixed security issues, see for example https://ckeditor.com/cke4/release/CKEditor-4.24.0-LTS . You should consider strongly switching to a different editor (maybe CKEditor 5 respectively django-ckeditor-5 after checking whether the CKEditor 5 license terms work for you) or switch to the non-free CKEditor 4 LTS package. See https://ckeditor.com/ckeditor-4-support/ for more on this. (Note! This notice has been added by the django-ckeditor developers and we are not affiliated with CKSource and were not involved in the licensing change, so please refrain from complaining to us. Thanks.)
Checked 0 pending refund payments
System check identified some issues:

WARNINGS:
?: (ckeditor.W001) django-ckeditor bundles CKEditor 4.22.1 which isn't supported anymore and which does have unfixed security issues, see for example https://ckeditor.com/cke4/release/CKEditor-4.24.0-LTS . You should consider strongly switching to a different editor (maybe CKEditor 5 respectively django-ckeditor-5 after checking whether the CKEditor 5 license terms work for you) or switch to the non-free CKEditor 4 LTS package. See https://ckeditor.com/ckeditor-4-support/ for more on this. (Note! This notice has been added by the django-ckeditor developers and we are not affiliated with CKSource and were not involved in the licensing change, so please refrain from complaining to us. Thanks.)
Checked 0 pending refund payments
System check identified some issues:

WARNINGS:
?: (ckeditor.W001) django-ckeditor bundles CKEditor 4.22.1 which isn't supported anymore and which does have unfixed security issues, see for example https://ckeditor.com/cke4/release/CKEditor-4.24.0-LTS . You should consider strongly switching to a different editor (maybe CKEditor 5 respectively django-ckeditor-5 after checking whether the CKEditor 5 license terms work for you) or switch to the non-free CKEditor 4 LTS package. See https://ckeditor.com/ckeditor-4-support/ for more on this. (Note! This notice has been added by the django-ckeditor developers and we are not affiliated with CKSource and were not involved in the licensing change, so please refrain from complaining to us. Thanks.)
Checked 0 pending refund payments
